============================================================
TEST AUTOMATION REPORT
============================================================

Test Suite #1
  Total Tests: 5
  Passed: 5
  Failed: 0
  Errors: 0
  Skipped: 0
  Duration: 0.00s
  Status: PASS

